lon lat,PGA
0.00000 0.00000,9.9470354E-03 7.6038427E-04 1.0373783E-04 0.0000000E+00
