lon lat,PGA
0.00000 0.00000,9.9402657E-03 7.5355172E-04 9.6900793E-05 0.0000000E+00
