lon lat,PGA
0.00000 0.00000,2.7612144E-01 3.5435631E-02 1.1434286E-02
