lon lat,PGA
0.00000 0.00000,1.0000000E+00 1.0000000E+00 0.0000000E+00
