asset_ref,taxonomy,lon,lat,no_damage,slight,moderate,extreme,complete
a1,Wood,-1.220000E+02,3.811300E+01,9.738596E-01,5.226638E-03,6.835331E-03,4.952724E-03,9.125679E-03
