asset_ref,taxonomy,lon,lat,no_damage,slight,moderate,extreme,complete
a1,Wood,-1.220000E+02,3.811300E+01,9.719927E-01,4.783176E-03,6.617927E-03,5.153878E-03,1.145227E-02
