asset_ref,taxonomy,lon,lat,no_damage,slight,moderate,extreme,complete
a3,Wood,-1.225700E+02,3.811300E+01,9.331861E-01,3.029261E-02,2.728063E-02,5.954852E-03,3.285824E-03
a2,Wood,-1.221140E+02,3.811300E+01,1.302479E-01,8.925888E-02,2.472125E-01,1.871445E-01,3.461362E-01
a5,Wood,-1.220000E+02,3.791000E+01,2.900343E-01,1.327349E-01,2.593161E-01,1.376464E-01,1.802683E-01
a4,Wood,-1.220000E+02,3.800000E+01,1.042488E-01,6.239919E-02,1.840920E-01,1.665297E-01,4.827303E-01
a1,Wood,-1.220000E+02,3.811300E+01,5.132446E-02,3.032147E-02,1.123823E-01,1.376260E-01,6.683458E-01
a6,Wood,-1.220000E+02,3.822500E+01,1.044414E-01,6.251037E-02,1.843114E-01,1.665879E-01,4.821490E-01
a7,Wood,-1.218860E+02,3.811300E+01,1.302479E-01,8.925888E-02,2.472125E-01,1.871445E-01,3.461362E-01
