asset_ref,taxonomy,lon,lat,structural,structural_ins
a0,RM,8.129850E+01,2.910980E+01,1.700938E+02,1.292497E+00
a1,RC,8.308230E+01,2.790060E+01,1.219089E+02,1.382179E+00
a2,W,8.574770E+01,2.790150E+01,1.549711E+02,9.837796E+01
a3,RM,8.574770E+01,2.790150E+01,1.441384E+02,0.000000E+00
