asset_ref,taxonomy,lon,lat,no_damage,slight,moderate,extreme,complete
a3,Wood,-1.225700E+02,3.811300E+01,8.779254E-01,4.110761E-02,4.270840E-02,2.201042E-02,1.624816E-02
a2,Wood,-1.221140E+02,3.811300E+01,1.613069E-01,9.645037E-02,1.881332E-01,1.841560E-01,3.699535E-01
a5,Wood,-1.220000E+02,3.791000E+01,3.011978E-01,1.255079E-01,1.988052E-01,1.555161E-01,2.189730E-01
a4,Wood,-1.220000E+02,3.800000E+01,1.226002E-01,7.025280E-02,1.460487E-01,1.615483E-01,4.995499E-01
a1,Wood,-1.220000E+02,3.811300E+01,6.301378E-02,3.909675E-02,9.508513E-02,1.299940E-01,6.728104E-01
a6,Wood,-1.220000E+02,3.822500E+01,1.228120E-01,7.035594E-02,1.462025E-01,1.616242E-01,4.990053E-01
a7,Wood,-1.218860E+02,3.811300E+01,1.613069E-01,9.645037E-02,1.881332E-01,1.841560E-01,3.699535E-01
