lon lat,PGA,SA(0.1)
-0.10000 0.00000,3.8380303E-01 3.8380303E-01 3.8338513E-01 2.9647869E-01 1.8047830E-01 1.1354528E-01 7.4406046E-02,3.8380303E-01 3.8380303E-01 3.8380133E-01 3.6352843E-01 3.0209113E-01 2.4292040E-01 1.9492779E-01 1.2752297E-01 5.8633907E-02 2.1016168E-02
0.00000 0.00000,3.8380303E-01 3.8380303E-01 3.8379315E-01 3.3740914E-01 2.2238395E-01 1.3942397E-01 8.8632647E-02,3.8380303E-01 3.8380303E-01 3.8380303E-01 3.7782206E-01 3.4050916E-01 2.8866478E-01 2.3824362E-01 1.5835114E-01 7.1073932E-02 2.4079080E-02
0.10000 0.00000,3.8380303E-01 3.8380303E-01 3.8370841E-01 3.2270119E-01 2.0906056E-01 1.3245498E-01 8.5081164E-02,3.8380303E-01 3.8380303E-01 3.8380303E-01 3.7301902E-01 3.2676679E-01 2.7263090E-01 2.2368883E-01 1.4897088E-01 6.7816885E-02 2.3252694E-02
