lon lat,PGA,SA(0.1)
-0.10000 0.00000,6.2030130E-01 6.2030130E-01 6.2029799E-01 5.8145130E-01 4.9478582E-01 4.1419252E-01 3.4066356E-01,6.2030130E-01 6.2030130E-01 6.2030130E-01 6.1332320E-01 5.7955036E-01 5.3674995E-01 4.9519848E-01 4.2077519E-01 2.9636765E-01 1.6410636E-01
0.00000 0.00000,6.2030130E-01 6.2030130E-01 6.2030130E-01 5.6260417E-01 4.1582576E-01 2.9995775E-01 2.2006702E-01,6.2030130E-01 6.2030130E-01 6.2030130E-01 6.1464995E-01 5.7094237E-01 5.0307407E-01 4.3203190E-01 3.1112831E-01 1.6524348E-01 7.2842340E-02
0.10000 0.00000,6.2030130E-01 6.2030130E-01 6.1936430E-01 5.0167955E-01 3.9432465E-01 3.3894755E-01 2.9752127E-01,6.2030130E-01 6.2030130E-01 6.2030130E-01 5.9383774E-01 5.1486381E-01 4.4917128E-01 4.0272241E-01 3.4038093E-01 2.5742116E-01 1.7287183E-01
