lon lat,PGA,SA(0.1)
-0.10000 0.00000,6.2030130E-01 6.2030130E-01 6.2030130E-01 6.0862126E-01 5.4810680E-01 4.6725713E-01 3.8477788E-01,6.2030130E-01 6.2030130E-01 6.2030130E-01 6.1785793E-01 5.9594582E-01 5.5732534E-01 5.1185973E-01 4.1855401E-01 2.6154873E-01 1.2128801E-01
0.00000 0.00000,6.2030130E-01 6.2030130E-01 6.2030130E-01 6.0991651E-01 5.4250894E-01 4.5803751E-01 3.8207198E-01,6.2030130E-01 6.2030130E-01 6.2030130E-01 6.1980081E-01 6.0817620E-01 5.7894626E-01 5.3768624E-01 4.4179167E-01 2.7083996E-01 1.2159428E-01
0.10000 0.00000,6.2030130E-01 6.2030130E-01 6.2026991E-01 5.4453296E-01 4.3889998E-01 4.0133932E-01 3.8856147E-01,6.2030130E-01 6.2030130E-01 6.2030130E-01 6.0747033E-01 5.5146377E-01 4.9517784E-01 4.5470971E-01 4.0975715E-01 3.6827091E-01 3.1104204E-01
