lon lat,PGA,SA(0.1)
-0.10000 0.00000,6.2030130E-01 6.2030130E-01 6.2030130E-01 6.0853128E-01 5.4572580E-01 4.6121819E-01 3.7621535E-01,6.2030130E-01 6.2030130E-01 6.2030130E-01 6.1785793E-01 5.9635663E-01 5.5969746E-01 5.1823921E-01 4.3690969E-01 3.0024787E-01 1.6280014E-01
0.00000 0.00000,6.2030130E-01 6.2030130E-01 6.2030130E-01 5.7319509E-01 4.7082550E-01 3.9823004E-01 3.4186281E-01,6.2030130E-01 6.2030130E-01 6.2030130E-01 6.1580777E-01 5.8176111E-01 5.2981209E-01 4.7533722E-01 3.7665775E-01 2.3039051E-01 1.0709550E-01
0.10000 0.00000,6.2030130E-01 6.2030130E-01 6.1936430E-01 5.0476674E-01 4.1807440E-01 3.9443236E-01 3.8639335E-01,6.2030130E-01 6.2030130E-01 6.2030130E-01 5.9390603E-01 5.1819943E-01 4.6113981E-01 4.2759757E-01 3.9592405E-01 3.6490924E-01 3.1060605E-01
