lon lat,PGA,SA(0.1)
-0.10000 0.00000,9.9940352E-01 9.9940352E-01 9.9937883E-01 9.8912897E-01 8.8393630E-01 6.9391275E-01 5.1540297E-01,9.9940352E-01 9.9940352E-01 9.9940335E-01 9.9872619E-01 9.9199488E-01 9.6725093E-01 9.1642114E-01 7.6071352E-01 4.5748087E-01 2.0800218E-01
0.00000 0.00000,9.9940352E-01 9.9940352E-01 9.9939867E-01 9.9455419E-01 9.2224936E-01 7.3764768E-01 5.3165050E-01,9.9940352E-01 9.9940352E-01 9.9940352E-01 9.9912451E-01 9.9605830E-01 9.8291833E-01 9.4916602E-01 8.1145373E-01 4.6773485E-01 1.7891767E-01
0.10000 0.00000,9.9940352E-01 9.9940352E-01 9.9939262E-01 9.9310615E-01 9.0930138E-01 7.0878820E-01 4.9332697E-01,9.9940352E-01 9.9940352E-01 9.9940352E-01 9.9900372E-01 9.9497272E-01 9.7870275E-01 9.3943119E-01 7.8858086E-01 4.3011724E-01 1.4772415E-01
