lon lat,PGA,SA(0.1)
-0.10000 0.00000,9.9940352E-01 9.9940352E-01 9.9939811E-01 9.9601095E-01 9.5971343E-01 8.6238925E-01 7.2586484E-01,9.9940352E-01 9.9940352E-01 9.9940350E-01 9.9906204E-01 9.9642135E-01 9.8790263E-01 9.6911251E-01 8.9236059E-01 6.3870207E-01 3.0992699E-01
0.00000 0.00000,9.9940352E-01 9.9940352E-01 9.9940340E-01 9.9834962E-01 9.8249632E-01 9.1618960E-01 7.9084033E-01,9.9940352E-01 9.9940352E-01 9.9940352E-01 9.9931917E-01 9.9844766E-01 9.9532596E-01 9.8702045E-01 9.4019894E-01 7.1297316E-01 3.4872434E-01
0.10000 0.00000,9.9940352E-01 9.9940352E-01 9.9940231E-01 9.9772097E-01 9.7698657E-01 9.0374206E-01 7.7595372E-01,9.9940352E-01 9.9940352E-01 9.9940352E-01 9.9924152E-01 9.9789700E-01 9.9342708E-01 9.8249979E-01 9.2813101E-01 6.9476085E-01 3.3863716E-01
