lon lat,PGA,SA(0.1)
-0.10000 0.00000,3.8380303E-01 3.8380303E-01 3.8195090E-01 2.4632746E-01 1.2110245E-01 6.6945487E-02 4.0907016E-02,3.8380303E-01 3.8380303E-01 3.8378915E-01 3.4974896E-01 2.6291447E-01 1.9116642E-01 1.4091609E-01 8.2262510E-02 3.5262512E-02 1.3300741E-02
0.00000 0.00000,3.8380303E-01 3.8380303E-01 3.8342790E-01 2.8023517E-01 1.4198817E-01 7.4463316E-02 4.1826483E-02,3.8380303E-01 3.8380303E-01 3.8380303E-01 3.6658830E-01 2.9691727E-01 2.2421025E-01 1.6694813E-01 9.4787368E-02 3.5688842E-02 1.0920530E-02
0.10000 0.00000,3.8380303E-01 3.8380303E-01 3.8297124E-01 2.6886017E-01 1.3383683E-01 6.8591890E-02 3.7247670E-02,3.8380303E-01 3.8380303E-01 3.8380287E-01 3.6082505E-01 2.8543265E-01 2.1318406E-01 1.5781380E-01 8.8442427E-02 3.1656556E-02 8.7131963E-03
