lon lat,PGA,SA(0.1)
-0.10000 0.00000,6.5595229E-01 6.5595229E-01 6.5566394E-01 6.1351217E-01 5.2891034E-01 4.3752740E-01 3.5099397E-01,6.5595229E-01 6.5595229E-01 6.5595031E-01 6.4667849E-01 6.1304964E-01 5.7215842E-01 5.2939860E-01 4.4262400E-01 2.8821219E-01 1.4038745E-01
0.00000 0.00000,6.5595229E-01 6.5595229E-01 6.5590354E-01 6.1956259E-01 5.2415470E-01 4.2418525E-01 3.3308364E-01,6.5595229E-01 6.5595229E-01 6.5595229E-01 6.5147095E-01 6.2385660E-01 5.8224426E-01 5.3574509E-01 4.3968480E-01 2.7038271E-01 1.1900888E-01
0.10000 0.00000,6.5595229E-01 6.5595229E-01 6.5559288E-01 5.8438267E-01 4.8706057E-01 4.1184796E-01 3.4551113E-01,6.5595229E-01 6.5595229E-01 6.5595227E-01 6.4183847E-01 5.9224433E-01 5.4342488E-01 5.0243451E-01 4.3195916E-01 3.0953808E-01 1.8578026E-01
