lon lat,PGA,SA(0.1)
-0.10000 0.00000,6.2030130E-01 6.2030130E-01 6.2029799E-01 5.8154750E-01 4.9743381E-01 4.2075856E-01 3.4971410E-01,6.2030130E-01 6.2030130E-01 6.2030130E-01 6.1332320E-01 5.7912244E-01 5.3425420E-01 4.8851389E-01 4.0189355E-01 2.5745392E-01 1.2265900E-01
0.00000 0.00000,6.2030130E-01 6.2030130E-01 6.2030130E-01 6.0023681E-01 4.9495962E-01 3.6953209E-01 2.6771736E-01,6.2030130E-01 6.2030130E-01 6.2030130E-01 6.1865503E-01 5.9804074E-01 5.5500234E-01 4.9952716E-01 3.8310950E-01 2.0911695E-01 8.7897321E-02
0.10000 0.00000,6.2030130E-01 6.2030130E-01 6.2026991E-01 5.4169367E-01 4.1600018E-01 3.4648736E-01 3.0000342E-01,6.2030130E-01 6.2030130E-01 6.2030130E-01 6.0740432E-01 5.4835845E-01 4.8396532E-01 4.3101278E-01 3.5548594E-01 2.6135179E-01 1.7339493E-01
