<?xml version="1.0" encoding="utf-8"?>
<nrml
xmlns="http://openquake.org/xmlns/nrml/0.5"
xmlns:gml="http://www.opengis.net/gml"
>
    <lossCurves
    gsimTreePath=""
    investigationTime="None"
    lossType="structural"
    sourceModelTreePath=""
    unit="USD"
    >
        <lossCurve
        assetRef="a1"
        >
            <gml:Point>
                <gml:pos>
                    1.0 1.0
                </gml:pos>
            </gml:Point>
            <poEs>
                0.0393348 0.0391254 0.0376742 0.0347597 0.0310305 0.0271795 0.0236299 0.0205495 0.0179533 0.0157898 0.01399 0.0112284 0.00925278 0.00777698 0.00661872 0.00567849 0.00429321 0.00342379 0.00285159 0.00237112 0.00190154 0.00114593 0.000834075 0.000755266 0.000655382 0.000422047 0.000266286 0.000124037 3.28497e-05 2.17866e-06 0.0
            </poEs>
            <losses>
                0.0 0.02 0.04 0.06 0.08 0.1 0.12 0.14 0.16 0.18 0.2 0.24 0.28 0.32 0.36 0.4 0.48 0.56 0.64 0.72 0.8 0.96 1.12 1.28 1.44 1.6 1.68 1.76 1.84 1.92 2.0
            </losses>
            <lossRatios>
                0.000 0.010 0.020 0.030 0.040 0.050 0.060 0.070 0.080 0.090 0.100 0.120 0.140 0.160 0.180 0.200 0.240 0.280 0.320 0.360 0.400 0.480 0.560 0.640 0.720 0.800 0.840 0.880 0.920 0.960 1.000
            </lossRatios>
            <averageLoss>
                9.3932e-03
            </averageLoss>
        </lossCurve>
    </lossCurves>
</nrml>
