asset_ref,taxonomy,lon,lat,no_damage,slight,moderate,extreme,complete
a3,Concrete,-1.225700E+02,3.811300E+01,9.014343E-01,5.227187E-02,3.407395E-02,9.194520E-03,3.025331E-03
a2,Wood,-1.221140E+02,3.811300E+01,1.491059E-01,9.583376E-02,1.905663E-01,1.883368E-01,3.761573E-01
a5,Steel,-1.220000E+02,3.791000E+01,8.247448E-01,1.087911E-01,4.283268E-02,1.778066E-02,5.850774E-03
a4,Concrete,-1.220000E+02,3.800000E+01,1.220483E-01,1.032813E-01,2.193604E-01,2.155306E-01,3.397794E-01
a1,Wood,-1.220000E+02,3.811300E+01,6.164802E-02,3.902175E-02,9.523551E-02,1.303836E-01,6.737111E-01
a6,Wood,-1.220000E+02,3.822500E+01,1.113839E-01,6.992803E-02,1.482712E-01,1.652929E-01,5.051240E-01
a7,Steel,-1.218860E+02,3.811300E+01,6.965778E-01,1.767302E-01,7.871599E-02,3.504793E-02,1.292803E-02
