asset_ref,taxonomy,lon,lat,no_damage,slight,moderate,extensive,complete
a1,W,8.331382E+01,2.946117E+01,5.665213E-01,1.251340E-01,1.709355E-01,6.555033E-02,7.185889E-02
