asset_ref,taxonomy,lon,lat,no_damage,slight,moderate,extreme,complete
a1,W,8.331382E+01,2.946117E+01,2.050339E-03,1.556420E-02,1.331033E-01,2.929923E-01,5.562899E-01
