lon lat,PGA
0.00000 0.00000,7.5166473E-01 7.8034854E-02 6.8661644E-03
