<?xml version="1.0" encoding="utf-8"?>
<nrml
xmlns="http://openquake.org/xmlns/nrml/0.5"
xmlns:gml="http://www.opengis.net/gml"
>
    <lossMap
    gsimTreePath="b1"
    investigationTime="10000.0"
    lossType="fatalities"
    poE="0.02"
    sourceModelTreePath="b1"
    unit="people"
    >
        <node>
            <gml:Point>
                <gml:pos>
                    -122.57 38.113
                </gml:pos>
            </gml:Point>
            <loss assetRef="a3" value="0.000565283"/>
        </node>
        <node>
            <gml:Point>
                <gml:pos>
                    -122.114 38.113
                </gml:pos>
            </gml:Point>
            <loss assetRef="a2" value="0.00106803"/>
        </node>
        <node>
            <gml:Point>
                <gml:pos>
                    -122.0 37.91
                </gml:pos>
            </gml:Point>
            <loss assetRef="a5" value="0.000877868"/>
        </node>
        <node>
            <gml:Point>
                <gml:pos>
                    -122.0 38.0
                </gml:pos>
            </gml:Point>
            <loss assetRef="a4" value="0.00140254"/>
        </node>
        <node>
            <gml:Point>
                <gml:pos>
                    -122.0 38.113
                </gml:pos>
            </gml:Point>
            <loss assetRef="a1" value="0.00235607"/>
        </node>
        <node>
            <gml:Point>
                <gml:pos>
                    -122.0 38.225
                </gml:pos>
            </gml:Point>
            <loss assetRef="a6" value="0.00121298"/>
        </node>
        <node>
            <gml:Point>
                <gml:pos>
                    -121.886 38.113
                </gml:pos>
            </gml:Point>
            <loss assetRef="a7" value="0.000940845"/>
        </node>
    </lossMap>
</nrml>
