lon lat,PGA
0.00000 0.00000,1.0674460E-02 8.0348793E-04 9.7114637E-05 0.0000000E+00
