lon lat,PGA
0.00000 0.00000,1.3982339E-02 1.0443472E-03 1.1712809E-04 0.0000000E+00
