lon lat,PGA
0.00000 0.00000,5.5270921E-03 4.2164188E-04 5.7515410E-05 0.0000000E+00
