LossType,Unit,Mean,Standard Deviation
structural,USD,5.1611566E+02,3.6916202E+02
