asset_ref,taxonomy,lon,lat,no_damage,slight,moderate,extreme,complete
a3,Concrete,-1.225700E+02,3.811300E+01,7.334293E-01,1.433043E-01,9.448068E-02,2.288565E-02,5.900026E-03
a2,Wood,-1.221140E+02,3.811300E+01,1.613069E-01,9.645037E-02,1.881332E-01,1.841560E-01,3.699535E-01
a5,Steel,-1.220000E+02,3.791000E+01,6.297137E-01,2.155069E-01,9.467872E-02,4.120754E-02,1.889312E-02
a4,Concrete,-1.220000E+02,3.800000E+01,1.106177E-01,1.058503E-01,2.246506E-01,2.181937E-01,3.406877E-01
a1,Wood,-1.220000E+02,3.811300E+01,6.301378E-02,3.909675E-02,9.508513E-02,1.299940E-01,6.728104E-01
a6,Wood,-1.220000E+02,3.822500E+01,1.228120E-01,7.035594E-02,1.462025E-01,1.616242E-01,4.990053E-01
a7,Steel,-1.218860E+02,3.811300E+01,4.775375E-01,2.655063E-01,1.452876E-01,7.243320E-02,3.923541E-02
