ordinal	uid	weight
0	b11,b11	0.3
1	b11,b12	0.18
2	b11,b13	0.12
3	b12,b11	0.2
4	b12,b12	0.12
5	b12,b13	0.08
