lon lat,PGA
0.00000 0.00000,6.3212056E-01 4.8484415E-01 4.5498932E-02
