LossType,Unit,Mean,Standard Deviation
structural,USD,4.3222546E+02,1.8686446E+02
