lon lat,PGA
0.00000 0.00000,5.8521709E-01 5.3233357E-01 2.5918178E-01
