asset_ref,taxonomy,lon,lat,no_damage,slight,moderate,extreme,complete
a1,W,8.331382E+01,2.946117E+01,1.041375E-09,1.457594E-06,1.958495E-03,6.967636E-02,9.283637E-01
