lon lat,PGA
0.00000 0.00000,4.3000391E-02 1.1965867E-03 7.3714664E-05 0.0000000E+00
