asset_ref,taxonomy,lon,lat,structural-poe~0.1
a4,A,8.056210E+01,2.951040E+01,0.000000E+00
a5,W,8.117910E+01,2.971360E+01,0.000000E+00
a1,W,8.129850E+01,2.910980E+01,8.655253E+03
a6,W,8.156850E+01,2.956420E+01,3.118112E+00
a2,W,8.308230E+01,2.790060E+01,5.685368E+06
a3,W,8.325100E+01,2.834050E+01,5.885389E+06
