lon lat,PGA
0.00000 0.00000,9.4802288E-02 1.2301750E-02 2.2490799E-03 0.0000000E+00
