asset_ref,taxonomy,lon,lat,no_damage,slight,moderate,extreme,complete
a3,Concrete,-1.225700E+02,3.811300E+01,9.190331E-01,4.710330E-02,2.696290E-02,5.718924E-03,1.181847E-03
a2,Wood,-1.221140E+02,3.811300E+01,1.613069E-01,9.645037E-02,1.881332E-01,1.841560E-01,3.699535E-01
a5,Steel,-1.220000E+02,3.791000E+01,6.524342E-01,2.220918E-01,8.482701E-02,3.217498E-02,8.472038E-03
a4,Concrete,-1.220000E+02,3.800000E+01,1.928530E-01,1.702830E-01,2.737404E-01,1.849729E-01,1.781507E-01
a1,Wood,-1.220000E+02,3.811300E+01,6.301378E-02,3.909675E-02,9.508513E-02,1.299940E-01,6.728104E-01
a6,Wood,-1.220000E+02,3.822500E+01,1.228120E-01,7.035594E-02,1.462025E-01,1.616242E-01,4.990053E-01
a7,Steel,-1.218860E+02,3.811300E+01,4.751672E-01,2.884974E-01,1.461976E-01,6.741531E-02,2.272253E-02
