lon lat,PGA
0.00000 0.00000,3.2790553E-01 3.2471783E-01 3.1617902E-01
