lon lat,PGA
0.00000 0.00000,5.8555329E-01 5.8108331E-01 5.6897779E-01
