lon lat,PGA
0.00000 0.00000,1.9864286E-01 1.9587956E-01 1.8859417E-01
