<?xml version="1.0" encoding="utf-8"?>
<nrml
xmlns="http://openquake.org/xmlns/nrml/0.5"
xmlns:gml="http://www.opengis.net/gml"
>
    <lossCurves
    gsimTreePath=""
    investigationTime="None"
    lossType="structural"
    sourceModelTreePath=""
    unit="USD"
    >
        <lossCurve
        assetRef="a1"
        >
            <gml:Point>
                <gml:pos>
                    1.0 1.0
                </gml:pos>
            </gml:Point>
            <poEs>
                0.0393348 0.0393196 0.0384541 0.0353556 0.0310809 0.026922 0.0233092 0.0202549 0.0176926 0.0155616 0.0138045 0.01116 0.00927278 0.00780386 0.00660105 0.00562105 0.00426295 0.0034781 0.00291643 0.00237546 0.00185477 0.00113319 0.000862358 0.000784269 0.000660062 0.000374939 0.000230249 0.000122824 5.7279e-05 2.35807e-05 8.66392e-06
            </poEs>
            <losses>
                0.0 0.02 0.04 0.06 0.08 0.1 0.12 0.14 0.16 0.18 0.2 0.24 0.28 0.32 0.36 0.4 0.48 0.56 0.64 0.72 0.8 0.96 1.12 1.28 1.44 1.6 1.68 1.76 1.84 1.92 2.0
            </losses>
            <lossRatios>
                0.000 0.010 0.020 0.030 0.040 0.050 0.060 0.070 0.080 0.090 0.100 0.120 0.140 0.160 0.180 0.200 0.240 0.280 0.320 0.360 0.400 0.480 0.560 0.640 0.720 0.800 0.840 0.880 0.920 0.960 1.000
            </lossRatios>
            <averageLoss>
                9.3929e-03
            </averageLoss>
        </lossCurve>
    </lossCurves>
</nrml>
