structural-mean,structural-stddev
2.263182E+03,1.433032E+03
