asset_ref,taxonomy,lon,lat,structural-mean,structural-stddev
a1,tax1,-1.220000E+02,3.811300E+01,2.263182E+03,1.433032E+03
