taxonomy,structural-mean,structural-stddev
tax1,2.263182E+03,1.433032E+03
